../Core/Src/main.c:131:6:OV2640_ResolutionConfiguration	40	static
../Core/Src/main.c:154:6:OV2640_Configuration	40	static
../Core/Src/main.c:235:5:main	64	static
../Core/Src/main.c:353:6:SystemClock_Config	88	static
../Core/Src/main.c:400:13:MX_I2C1_Init	8	static
../Core/Src/main.c:434:13:MX_TIM1_Init	96	static
../Core/Src/main.c:509:13:MX_GPIO_Init	40	static
../Core/Src/main.c:552:6:cameraSCCB	16	static
../Core/Src/main.c:572:6:HAL_TIM_PeriodElapsedCallback	16	static
../Core/Src/main.c:589:6:Error_Handler	4	static,ignoring_inline_asm
